#-----------------------------------------------------------
# Vivado v2020.2 (64-bit)
# SW Build 3064766 on Wed Nov 18 09:12:45 MST 2020
# IP Build 3064653 on Wed Nov 18 14:17:31 MST 2020
# Start of session at: Thu Apr 29 11:33:01 2021
# Process ID: 9300
# Current directory: D:/Repositorios/Proyecto/RobotMovil
# Command line: vivado.exe -gui_launcher_event rodinguilauncherevent8800 D:\Repositorios\Proyecto\RobotMovil\RobotMovil.xpr
# Log file: D:/Repositorios/Proyecto/RobotMovil/vivado.log
# Journal file: D:/Repositorios/Proyecto/RobotMovil\vivado.jou
#-----------------------------------------------------------
start_gui
open_project D:/Repositorios/Proyecto/RobotMovil/RobotMovil.xpr
update_compile_order -fileset sources_1
launch_simulation -simset [get_filesets test_components ]
source test_clock.tcl
close_sim
launch_simulation -simset [get_filesets test_components ]
source test_clock.tcl
close_sim
launch_simulation -simset [get_filesets test_components ]
source test_clock.tcl
add_bp {D:/Repositorios/Proyecto/RobotMovil/RobotMovil.srcs/sources_1/new/clock.vhd} 54
add_bp {D:/Repositorios/Proyecto/RobotMovil/RobotMovil.srcs/sources_1/new/clock.vhd} 55
close_sim
launch_simulation -simset [get_filesets test_components ]
launch_simulation -simset [get_filesets test_components ]
set_property is_enabled false [get_files  D:/Repositorios/Proyecto/RobotMovil/RobotMovil.srcs/sources_1/new/clock.vhd]
set_property is_enabled true [get_files  D:/Repositorios/Proyecto/RobotMovil/RobotMovil.srcs/sources_1/new/clock.vhd]
set_property is_enabled false [get_files  D:/Repositorios/Proyecto/RobotMovil/RobotMovil.srcs/sources_1/new/clock.vhd]
set_property is_enabled true [get_files  D:/Repositorios/Proyecto/RobotMovil/RobotMovil.srcs/sources_1/new/clock.vhd]
update_compile_order -fileset sources_1
# Disabling source management mode.  This is to allow the top design properties to be set without GUI intervention.
set_property source_mgmt_mode None [current_project]
set_property top test_sem7 [get_filesets test_components]
set_property top_lib xil_defaultlib [get_filesets test_components]
# Re-enabling previously disabled source management mode.
set_property source_mgmt_mode All [current_project]
update_compile_order -fileset test_components
launch_simulation -simset [get_filesets test_components ]
launch_simulation -simset [get_filesets test_components ]
close_project
open_project D:/Repositorios/Proyecto/RobotMovil/RobotMovil.xpr
update_compile_order -fileset sources_1
remove_bps -file {D:/Repositorios/Proyecto/RobotMovil/RobotMovil.srcs/sources_1/new/clock.vhd} -line 54
# Disabling source management mode.  This is to allow the top design properties to be set without GUI intervention.
set_property source_mgmt_mode None [current_project]
set_property top test_clock [get_filesets test_components]
set_property top_lib xil_defaultlib [get_filesets test_components]
# Re-enabling previously disabled source management mode.
set_property source_mgmt_mode All [current_project]
update_compile_order -fileset test_components
close_sim
launch_simulation -simset [get_filesets test_components ]
source test_clock.tcl
add_bp {D:/Repositorios/Proyecto/RobotMovil/RobotMovil.srcs/sources_1/new/clock.vhd} 54
close_sim
launch_simulation -simset [get_filesets test_components ]
source test_clock.tcl
remove_bps -file {D:/Repositorios/Proyecto/RobotMovil/RobotMovil.srcs/sources_1/new/clock.vhd} -line 54
close_sim
launch_simulation -simset [get_filesets test_components ]
source test_clock.tcl
close_sim
launch_simulation -simset [get_filesets test_components ]
source test_clock.tcl
add_bp {D:/Repositorios/Proyecto/RobotMovil/RobotMovil.srcs/sources_1/new/clock.vhd} 54
close_sim
launch_simulation -simset [get_filesets test_components ]
source test_clock.tcl
close_sim
launch_simulation -simset [get_filesets test_components ]
source test_clock.tcl
add_bp {D:/Repositorios/Proyecto/RobotMovil/RobotMovil.srcs/sources_1/new/clock.vhd} 58
run all
run all
add_bp {D:/Repositorios/Proyecto/RobotMovil/RobotMovil.srcs/sources_1/new/clock.vhd} 55
run all
run all
run all
run all
run all
run all
run all
run all
run all
run all
run all
run all
run all
run all
run all
run all
run all
add_bp {D:/Repositorios/Proyecto/RobotMovil/RobotMovil.srcs/sources_1/new/clock.vhd} 52
run all
run all
run all
run all
run all
run all
run all
run all
run all
run all
run all
run all
run all
run all
run all
run all
remove_bps -file {D:/Repositorios/Proyecto/RobotMovil/RobotMovil.srcs/sources_1/new/clock.vhd} -line 52
remove_bps -file {D:/Repositorios/Proyecto/RobotMovil/RobotMovil.srcs/sources_1/new/clock.vhd} -line 54
remove_bps -file {D:/Repositorios/Proyecto/RobotMovil/RobotMovil.srcs/sources_1/new/clock.vhd} -line 55
remove_bps -file {D:/Repositorios/Proyecto/RobotMovil/RobotMovil.srcs/sources_1/new/clock.vhd} -line 58
run all
close_sim
launch_simulation -simset [get_filesets test_components ]
source test_clock.tcl
close_sim
launch_simulation -simset [get_filesets test_components ]
source test_clock.tcl
close_sim
launch_simulation -simset [get_filesets test_components ]
source test_clock.tcl
add_bp {D:/Repositorios/Proyecto/RobotMovil/RobotMovil.srcs/sources_1/new/clock.vhd} 54
close_sim
launch_simulation -simset [get_filesets test_components ]
source test_clock.tcl
remove_bps -file {D:/Repositorios/Proyecto/RobotMovil/RobotMovil.srcs/sources_1/new/clock.vhd} -line 54
close_sim
launch_simulation -simset [get_filesets test_components ]
source test_clock.tcl
add_bp {D:/Repositorios/Proyecto/RobotMovil/RobotMovil.srcs/sources_1/new/clock.vhd} 54
close_sim
launch_simulation -simset [get_filesets test_components ]
source test_clock.tcl
remove_bps -file {D:/Repositorios/Proyecto/RobotMovil/RobotMovil.srcs/sources_1/new/clock.vhd} -line 54
close_sim
launch_simulation -simset [get_filesets test_components ]
source test_clock.tcl
close_sim
launch_simulation -simset [get_filesets test_components ]
source test_clock.tcl
add_bp {D:/Repositorios/Proyecto/RobotMovil/RobotMovil.srcs/sources_1/new/clock.vhd} 54
close_sim
launch_simulation -simset [get_filesets test_components ]
source test_clock.tcl
remove_bps -file {D:/Repositorios/Proyecto/RobotMovil/RobotMovil.srcs/sources_1/new/clock.vhd} -line 54
close_sim
launch_simulation -simset [get_filesets test_components ]
source test_clock.tcl
close_sim
launch_simulation -simset [get_filesets test_components ]
source test_clock.tcl
close_sim
launch_simulation -simset [get_filesets test_components ]
source test_clock.tcl
close_sim
launch_simulation -simset [get_filesets test_components ]
source test_clock.tcl
close_sim
launch_simulation -simset [get_filesets test_components ]
source test_clock.tcl
close_sim
launch_simulation -simset [get_filesets test_components ]
source test_clock.tcl
close_sim
launch_simulation -simset [get_filesets test_components ]
source test_clock.tcl
close_sim
launch_simulation -simset [get_filesets test_components ]
source test_clock.tcl
close_sim
launch_simulation -simset [get_filesets test_components ]
source test_clock.tcl
close_sim
launch_simulation -simset [get_filesets test_components ]
source test_clock.tcl
close_sim
launch_simulation -simset [get_filesets test_components ]
source test_clock.tcl
close_sim
launch_simulation -simset [get_filesets test_components ]
source test_clock.tcl
close_sim
launch_simulation -simset [get_filesets test_components ]
source test_clock.tcl
close_sim
launch_simulation -simset [get_filesets test_components ]
source test_clock.tcl
add_bp {D:/Repositorios/Proyecto/RobotMovil/RobotMovil.srcs/sources_1/new/clock.vhd} 54
close_sim
launch_simulation -simset [get_filesets test_components ]
source test_clock.tcl
remove_bps -file {D:/Repositorios/Proyecto/RobotMovil/RobotMovil.srcs/sources_1/new/clock.vhd} -line 54
close_sim
launch_simulation -simset [get_filesets test_components ]
source test_clock.tcl
close_sim
launch_simulation -simset [get_filesets test_components ]
source test_clock.tcl
close_sim
launch_simulation -simset [get_filesets test_components ]
source test_clock.tcl
close_sim
